<?xml version="1.0" encoding="UTF-8"?>
<program language="IPPcode23">
  <instruction order="1" opcode="PUSHS">
    <arg1 type="int">0X1f_A53cA</arg1>
  </instruction>
</program>